7050df19-6174-4276-a608-042c1c6e31f3
